http://www.likelist.com/images/ui-bg_highlight-soft_100_eeeeee_1x100.png
http://www.likelist.com/images/ui-bg_gloss-wave_35_f6a828_500x100.png
http://www.likelist.com/images/ui-bg_glass_100_f6f6f6_1x400.png
http://www.likelist.com/images/ui-bg_glass_100_fdf5ce_1x400.png
http://www.likelist.com/images/ui-bg_glass_65_ffffff_1x400.png
http://www.likelist.com/images/ui-bg_highlight-soft_75_ffe45c_1x100.png
http://www.likelist.com/images/ui-bg_diagonals-thick_18_b81900_40x40.png
http://www.likelist.com/images/ui-icons_222222_256x240.png
http://www.likelist.com/images/ui-icons_222222_256x240.png
http://www.likelist.com/images/ui-icons_ffffff_256x240.png
http://www.likelist.com/images/ui-icons_ef8c08_256x240.png
http://www.likelist.com/images/ui-icons_ef8c08_256x240.png
http://www.likelist.com/images/ui-icons_ef8c08_256x240.png
http://www.likelist.com/images/ui-icons_228ef1_256x240.png
http://www.likelist.com/images/ui-icons_ffd27a_256x240.png
http://www.likelist.com/images/ui-bg_diagonals-thick_20_666666_40x40.png
http://www.likelist.com/images/ui-bg_flat_10_000000_40x100.png
http://www.likelist.com/images/beta2/main_sprite_reskin/facebook_user_back.png
http://www.likelist.com/images/beta2/main_sprite_reskin/facebook_user_back.png
http://www.likelist.com/images/beta2/icon_sprite.png
http://www.likelist.com/images/beta2/xBtn.png
http://www.likelist.com/images/beta2/xBtn.png
http://www.likelist.com/images/beta2/main_sprite.png
http://www.likelist.com/images/beta2/go_submit.png
http://www.likelist.com/images/beta2/go_submit_20.png
http://www.likelist.com/images/beta2/main_sprite_reskin/tab_blue_back.png
http://www.likelist.com/images/beta2/search_drop_btn.png
http://www.likelist.com/images/beta2/main_sprite.png
http://www.likelist.com/images/beta2/pagination.png
http://www.likelist.com/images/beta2/pagination.png
http://www.likelist.com/images/beta2/pagination.png
http://www.likelist.com/images/beta2/pagination.png
http://www.likelist.com/images/beta2/pagination.png
http://www.likelist.com/images/beta2/main_sprite.png
http://www.likelist.com/images/beta2/feedback_trans_tab.png
http://www.likelist.com/images/beta2/welcome_blue_dot.png
http://www.likelist.com/images/beta2/blackout.png
http://www.likelist.com/images/beta2/grippy.png
http://www.likelist.com/images/beta2/main_sprite.png
http://www.likelist.com/images/beta2/xBtn.png
http://www.likelist.com/images/beta2/xBtn.png
http://www.likelist.com/images/beta2/bullet_toggle_plus.png
http://www.likelist.com/images/beta2/bullet_toggle_minus.png
http://www.likelist.com/images/beta2/main_sprite.png
http://www.likelist.com/images/beta2/main_sprite.png
http://www.likelist.com/images/beta2/main_sprite.png
http://www.likelist.com/images/beta2/icon_sprite.png
http://www.likelist.com/images/beta2/icon_sprite.png
http://www.likelist.com/images/beta2/icon_sprite.png
http://www.likelist.com/images/beta2/icon_sprite.png
http://www.likelist.com/images/beta2/icon_sprite.png
http://www.likelist.com/images/beta2/icon_sprite.png
http://www.likelist.com/images/beta2/icon_sprite.png
http://www.likelist.com/images/beta2/main_sprite.png
http://www.likelist.com/images/beta2/xBtn.png
http://www.likelist.com/images/beta2/xBtn.png
http://www.likelist.com/images/beta2/bullet_toggle_plus.png
http://www.likelist.com/images/beta2/bullet_toggle_minus.png
http://www.likelist.com/images/beta2/main_sprite.png
http://www.likelist.com/images/beta2/main_sprite.png
http://www.likelist.com/images/beta2/xBtn.png
http://www.likelist.com/images/beta2/xBtn.png
http://www.likelist.com/images/beta2/bullet_toggle_plus.png
http://www.likelist.com/images/beta2/bullet_toggle_minus.png
http://www.likelist.com/images/beta2/main_sprite.png
http://www.likelist.com/images/beta2/main_sprite.png
http://www.likelist.com/images/beta2/xBtn.png
http://www.likelist.com/images/beta2/xBtn.png
http://www.likelist.com/images/beta2/ui-icons_808080_256x240.png
http://www.likelist.com/images/beta2/ui-icons_ffffff_256x240.png
http://www.likelist.com/images/beta2/ui-icons_ffffff_256x240.png
http://www.likelist.com/images/beta2/main_sprite.png
http://www.likelist.com/images/beta2/main_sprite_reskin/icon_home_hover.png
http://www.likelist.com/images/beta2/icon_sprite.png
http://www.likelist.com/images/beta2/main_sprite_reskin/business_blue_back.png
http://www.likelist.com/images/beta2/main_sprite_reskin/business_blue_back_large.png
http://www.likelist.com/images/beta2/banners/business_btn_img.png
http://www.likelist.com/images/beta2/main_sprite_reskin/phone_app_img.png
http://www.likelist.com/images/beta2/main_sprite.png
http://www.likelist.com/images/beta2/main_sprite_reskin/facebook_user_back.png
http://www.likelist.com/images/beta2/main_sprite.png
http://www.likelist.com/images/beta2/main_sprite.png
http://www.likelist.com/images/beta2/main_sprite_reskin/tab_green_back.png
http://www.likelist.com/images/beta2/main_sprite_reskin/tab_dark_blue_back.png
http://www.likelist.com/images/beta2/main_sprite.png
http://www.likelist.com/images/beta2/main_sprite.png
http://www.likelist.com/images/beta2/main_sprite.png
http://www.likelist.com/images/beta2/main_sprite.png
http://www.likelist.com/images/beta2/main_sprite.png
http://www.likelist.com/images/beta2/main_sprite.png
http://www.likelist.com/images/beta2/main_sprite.png
http://www.likelist.com/images/beta2/main_sprite.png
http://www.likelist.com/images/favicon.png
http://www.likelist.com/images/beta2/xBtn.png
http://www.likelist.com/images/beta2/xBtn.png
http://www.likelist.com/images/beta2/navbar_acc_back.jpg
http://www.likelist.com/images/beta2/navbar_acc_back.jpg
http://www.likelist.com/images/beta2/search_drop_btn.png
http://www.likelist.com/images/beta2/icon_sprite.png
http://www.likelist.com/images/beta2/main_sprite_reskin/facebook_user_back.png
http://www.likelist.com/images/beta2/main_sprite.png
http://www.likelist.com/images/beta2/main_sprite_reskin/tab_blue_back.png
http://www.likelist.com/images/beta2/main_sprite_reskin/tab_orange_back.png
http://www.likelist.com/images/beta2/main_sprite_reskin/tab_blue_back.png
http://www.likelist.com/images/beta2/icon_sprite.png
http://www.likelist.com/images/beta2/icon_sprite.png
http://www.likelist.com/images/beta2/icon_sprite.png
http://www.likelist.com/images/beta2/icon_sprite.png
http://www.likelist.com/images/beta2/icon_sprite.png
http://www.likelist.com/images/beta2/icon_sprite.png
http://www.likelist.com/images/beta2/main_sprite.png
http://www.likelist.com/images/beta2/icon_sprite.png
http://www.likelist.com/images/beta2/main_sprite.png
http://www.likelist.com/images/beta2/icon_sprite.png
http://www.likelist.com/images/beta2/main_sprite.png
http://www.likelist.com/images/clouds.png
http://www.likelist.com/images/building.png
http://www.likelist.com/images/clouds.png
http://www.likelist.com/images/building.png
http://www.likelist.com/images/ie_banner_bg.png
http://www.likelist.com/images/beta2/main_sprite.png
http://www.likelist.com/images/gradient.jpg