http://www.likelist.com/images/beta2/banners/facebook_checkbox_img.png
http://www.likelist.com/images/beta2/banners/facebook_post.png
http://www.likelist.com/images/beta2/AL_logo_90x90.png
http://www.likelist.com/images/beta2/mypoints/likelist_imgs.jpg
http://www.likelist.com/images/beta2/mypoints/list_dot.png
http://www.likelist.com/images/beta2/icon_sprite.png
http://www.likelist.com/images/beta2/mypoints/city_info_carrat.png
http://www.likelist.com/images/beta2/cream_dot.png
http://www.likelist.com/images/beta2/orange_arrow.png
http://www.likelist.com/images/beta2/orange_arrow_sm.png
http://www.likelist.com/images/beta2/main_sprite.png
http://www.likelist.com/images/beta2/main_sprite.png
http://www.likelist.com/images/beta2/homepromo/blue_background.png
http://www.likelist.com/images/beta2/homepromo/person_icon.png
http://www.likelist.com/images/beta2/homepromo/play_button.png
http://www.likelist.com/images/beta2/homepromo/blue_background.png
http://www.likelist.com/images/beta2/homepromo/close.png
http://www.likelist.com/images/beta2/homepromo/white_arrow.png
http://www.likelist.com/images/marketing/teardrop1_gray.png
http://www.likelist.com/images/marketing/teardrop1.png
http://www.likelist.com/images/marketing/teardrop2_gray.png
http://www.likelist.com/images/marketing/teardrop2.png
http://www.likelist.com/images/marketing/teardrop3_gray.png
http://www.likelist.com/images/marketing/teardrop3.png
http://www.likelist.com/images/marketing/teardrop4_gray.png
http://www.likelist.com/images/marketing/teardrop4.png